T16980.aNumber :: GHC.Num.Integer.Integer
ConT GHC.Num.Integer.Integer
