SigE (AppE (AppE (ConE GHC.Tuple.(,)) (LitE (IntegerL 1))) (LitE (IntegerL 2))) (AppT (AppT (ConT GHC.Tuple.(,)) (ConT GHC.Num.Integer.Integer)) (ConT GHC.Num.Integer.Integer))
GHC.Tuple.(,) 1 2 :: GHC.Tuple.(,) GHC.Num.Integer.Integer
                                   GHC.Num.Integer.Integer
SigE (AppE (ConE GHC.Tuple.Solo) (LitE (IntegerL 1))) (AppT (ConT GHC.Tuple.Solo) (ConT GHC.Num.Integer.Integer))
GHC.Tuple.Solo 1 :: GHC.Tuple.Solo GHC.Num.Integer.Integer
SigE (AppE (AppE (ConE GHC.Tuple.(#,#)) (LitE (IntegerL 1))) (LitE (IntegerL 2))) (AppT (AppT (ConT GHC.Tuple.(#,#)) (ConT GHC.Num.Integer.Integer)) (ConT GHC.Num.Integer.Integer))
GHC.Tuple.(#,#) 1 2 :: GHC.Tuple.(#,#) GHC.Num.Integer.Integer
                                       GHC.Num.Integer.Integer
SigE (AppE (ConE GHC.Tuple.Solo#) (LitE (IntegerL 1))) (AppT (ConT GHC.Tuple.Solo#) (ConT GHC.Num.Integer.Integer))
GHC.Tuple.Solo# 1 :: GHC.Tuple.Solo# GHC.Num.Integer.Integer
