
ExplicitSpecificity8.hs:9:19: error:
    Inferred type variables are not allowed here
