
T17566b.hs:7:12: error:
    • Different names for the same type variable: ‘k1’ and ‘k2’
    • In the class declaration for ‘C’
