---Unattached Annotation Problems (should be empty list)---
[]
---Ann before enclosing span problem (should be empty list)---
[

]

---Annotations-----------------------
-- SrcSpan the annotation is attached to, AnnKeywordId,
--    list of locations the keyword item appears in
[
((Test10399.hs:1:1,AnnModule), [Test10399.hs:8:1-6]),
((Test10399.hs:1:1,AnnWhere), [Test10399.hs:8:18-22]),
((Test10399.hs:10:1-35,AnnEqual), [Test10399.hs:10:10]),
((Test10399.hs:10:1-35,AnnSemi), [Test10399.hs:12:1]),
((Test10399.hs:10:1-35,AnnType), [Test10399.hs:10:1-4]),
((Test10399.hs:10:12-35,AnnDcolon), [Test10399.hs:10:24-25]),
((Test10399.hs:12:1-66,AnnEqual), [Test10399.hs:12:8]),
((Test10399.hs:12:1-66,AnnFunId), [Test10399.hs:12:1-6]),
((Test10399.hs:12:1-66,AnnSemi), [Test10399.hs:14:1]),
((Test10399.hs:12:10-66,AnnVal), [Test10399.hs:12:17]),
((Test10399.hs:12:23-66,AnnCloseP), [Test10399.hs:12:66]),
((Test10399.hs:12:23-66,AnnOpenP), [Test10399.hs:12:23]),
((Test10399.hs:12:24-33,AnnCloseP), [Test10399.hs:12:33]),
((Test10399.hs:12:24-33,AnnOpenP), [Test10399.hs:12:24]),
((Test10399.hs:12:24-44,AnnVal), [Test10399.hs:12:35-37]),
((Test10399.hs:12:24-54,AnnVal), [Test10399.hs:12:46-48]),
((Test10399.hs:12:24-65,AnnVal), [Test10399.hs:12:56-58]),
((Test10399.hs:12:25,AnnComma), [Test10399.hs:12:25]),
((Test10399.hs:12:26,AnnComma), [Test10399.hs:12:26]),
((Test10399.hs:12:27-28,AnnCloseP), [Test10399.hs:12:28]),
((Test10399.hs:12:27-28,AnnComma), [Test10399.hs:12:29]),
((Test10399.hs:12:27-28,AnnOpenP), [Test10399.hs:12:27]),
((Test10399.hs:12:30,AnnComma), [Test10399.hs:12:30]),
((Test10399.hs:12:31-32,AnnCloseP), [Test10399.hs:12:32]),
((Test10399.hs:12:31-32,AnnOpenP), [Test10399.hs:12:31]),
((Test10399.hs:(14,1)-(18,53),AnnData), [Test10399.hs:14:1-4]),
((Test10399.hs:(14,1)-(18,53),AnnSemi), [Test10399.hs:20:1]),
((Test10399.hs:(14,1)-(18,53),AnnWhere), [Test10399.hs:14:21-25]),
((Test10399.hs:15:5-64,AnnDcolon), [Test10399.hs:15:11-12]),
((Test10399.hs:15:5-64,AnnSemi), [Test10399.hs:16:5]),
((Test10399.hs:15:14-64,AnnDot), [Test10399.hs:15:23]),
((Test10399.hs:15:14-64,AnnForall), [Test10399.hs:15:14-19]),
((Test10399.hs:15:25-40,AnnCloseP), [Test10399.hs:15:40, Test10399.hs:15:40]),
((Test10399.hs:15:25-40,AnnDarrow), [Test10399.hs:15:42-43]),
((Test10399.hs:15:25-40,AnnOpenP), [Test10399.hs:15:25, Test10399.hs:15:25]),
((Test10399.hs:15:27-30,AnnComma), [Test10399.hs:15:31]),
((Test10399.hs:15:45-46,AnnBang), [Test10399.hs:15:45]),
((Test10399.hs:15:45-46,AnnRarrow), [Test10399.hs:15:48-49]),
((Test10399.hs:15:45-64,AnnRarrow), [Test10399.hs:15:48-49]),
((Test10399.hs:(16,5)-(17,67),AnnDcolon), [Test10399.hs:16:12-13]),
((Test10399.hs:(16,5)-(17,67),AnnSemi), [Test10399.hs:18:5]),
((Test10399.hs:(16,15)-(17,67),AnnDot), [Test10399.hs:16:25]),
((Test10399.hs:(16,15)-(17,67),AnnForall), [Test10399.hs:16:15-20]),
((Test10399.hs:16:27-42,AnnCloseP), [Test10399.hs:16:42, Test10399.hs:16:42]),
((Test10399.hs:16:27-42,AnnDarrow), [Test10399.hs:16:44-45]),
((Test10399.hs:16:27-42,AnnOpenP), [Test10399.hs:16:27, Test10399.hs:16:27]),
((Test10399.hs:16:29-32,AnnComma), [Test10399.hs:16:33]),
((Test10399.hs:16:47,AnnRarrow), [Test10399.hs:16:49-50]),
((Test10399.hs:(16,47)-(17,67),AnnRarrow), [Test10399.hs:16:49-50]),
((Test10399.hs:16:52-65,AnnRarrow), [Test10399.hs:17:44-45]),
((Test10399.hs:(16,52)-(17,67),AnnRarrow), [Test10399.hs:17:44-45]),
((Test10399.hs:17:47,AnnRarrow), [Test10399.hs:17:49-50]),
((Test10399.hs:17:47-67,AnnRarrow), [Test10399.hs:17:49-50]),
((Test10399.hs:17:65-67,AnnCloseS), [Test10399.hs:17:67]),
((Test10399.hs:17:65-67,AnnOpenS), [Test10399.hs:17:65]),
((Test10399.hs:18:5-53,AnnDcolon), [Test10399.hs:18:16-17]),
((Test10399.hs:18:19-53,AnnDot), [Test10399.hs:18:28]),
((Test10399.hs:18:19-53,AnnForall), [Test10399.hs:18:19-24]),
((Test10399.hs:18:30-35,AnnCloseP), [Test10399.hs:18:35]),
((Test10399.hs:18:30-35,AnnOpenP), [Test10399.hs:18:30]),
((Test10399.hs:18:30-35,AnnRarrow), [Test10399.hs:18:37-38]),
((Test10399.hs:18:30-53,AnnRarrow), [Test10399.hs:18:37-38]),
((Test10399.hs:20:1-25,AnnCloseQ), [Test10399.hs:20:24-25]),
((Test10399.hs:20:1-25,AnnOpen), [Test10399.hs:20:1-3]),
((Test10399.hs:20:1-25,AnnSemi), [Test10399.hs:22:1]),
((Test10399.hs:20:20-22,AnnDollar), [Test10399.hs:20:20]),
((Test10399.hs:22:1-21,AnnEqual), [Test10399.hs:22:19]),
((Test10399.hs:22:1-21,AnnFunId), [Test10399.hs:22:1-3]),
((Test10399.hs:22:1-21,AnnSemi), [Test10399.hs:23:1]),
((Test10399.hs:22:5-17,AnnDollar), [Test10399.hs:22:5]),
((Test10399.hs:22:6-17,AnnCloseP), [Test10399.hs:22:17]),
((Test10399.hs:22:6-17,AnnOpenP), [Test10399.hs:22:6]),
((Test10399.hs:22:8-15,AnnCloseQ), [Test10399.hs:22:14-15]),
((Test10399.hs:22:8-15,AnnOpen), [Test10399.hs:22:8-10])
]

---Eof Position (should be Just)-----
Just SrcSpanPoint "Test10399.hs" 23 1
