TYPE SIGNATURES
  addAndOr4 :: (Int, Bool) -> (Bool, Int) -> (Int, Bool)
Dependent modules: []
Dependent packages: [base-4.13.0.0, ghc-bignum-1.0, ghc-prim-0.6.1]
