TYPE SIGNATURES
  bravo :: forall {w}. Num w => w
Dependent modules: []
Dependent packages: [base-4.14.0.0, ghc-bignum-1.0, ghc-prim-0.6.1]
