TYPE SIGNATURES
  foo :: forall b a. (a, b) -> (a, b)
Dependent modules: []
Dependent packages: [base-4.13.0.0, ghc-bignum-1.0, ghc-prim-0.6.1]
