
T16326_Fail6.hs:9:12: error:
    Illegal visible, dependent quantification in the type of a term
    (GHC does not yet support this)
    In the definition of data constructor ‘MkFoo’
