
ExplicitForAllRules1.hs:49:31: warning: [-Wunused-foralls (in -Wextra)]
    Unused quantified type variable ‘b’
    In the rewrite rule "example7"
