
==================== Tidy Core ====================
Result size of Tidy Core = {terms: 74, types: 65, coercions: 0, joins: 0/4}

-- RHS size: {terms: 39, types: 25, coercions: 0, joins: 0/4}
T10694.$wpm [InlPrag=NOINLINE] :: Int -> Int -> (# Int, Int #)
[GblId, Arity=2, Str=<L,U(U)><L,U(U)>, Unf=OtherCon []]
T10694.$wpm
  = \ (w_s1v1 :: Int) (w1_s1v2 :: Int) ->
      let {
        l_s1uz :: Int
        [LclId]
        l_s1uz
          = case w_s1v1 of { GHC.Types.I# x_aJ0 -> case w1_s1v2 of { GHC.Types.I# y_aJ3 -> GHC.Types.I# (GHC.Prim.+# x_aJ0 y_aJ3) } } } in
      let {
        l1_s1uA :: Int
        [LclId]
        l1_s1uA
          = case w_s1v1 of { GHC.Types.I# x_aJ8 -> case w1_s1v2 of { GHC.Types.I# y_aJb -> GHC.Types.I# (GHC.Prim.-# x_aJ8 y_aJb) } } } in
      let {
        l2_s1uB :: [Int]
        [LclId, Unf=OtherCon []]
        l2_s1uB = GHC.Types.: @Int l1_s1uA (GHC.Types.[] @Int) } in
      let {
        l3_sJm :: [Int]
        [LclId, Unf=OtherCon []]
        l3_sJm = GHC.Types.: @Int l_s1uz l2_s1uB } in
      (# GHC.List.$w!! @Int l3_sJm 0#, GHC.List.$w!! @Int l3_sJm 1# #)

-- RHS size: {terms: 10, types: 11, coercions: 0, joins: 0/0}
pm [InlPrag=NOUSERINLINE[0]] :: Int -> Int -> (Int, Int)
[GblId,
 Arity=2,
 Str=<L,U(U)><L,U(U)>,
 Cpr=m1,
 Unf=Unf{Src=InlineStable, TopLvl=True, Value=True, ConLike=True, WorkFree=True, Expandable=True,
         Guidance=ALWAYS_IF(arity=2,unsat_ok=True,boring_ok=False)
         Tmpl= \ (w_s1v1 [Occ=Once] :: Int) (w1_s1v2 [Occ=Once] :: Int) ->
                 case T10694.$wpm w_s1v1 w1_s1v2 of { (# ww1_s1v7 [Occ=Once], ww2_s1v8 [Occ=Once] #) -> (ww1_s1v7, ww2_s1v8) }}]
pm = \ (w_s1v1 :: Int) (w1_s1v2 :: Int) -> case T10694.$wpm w_s1v1 w1_s1v2 of { (# ww1_s1v7, ww2_s1v8 #) -> (ww1_s1v7, ww2_s1v8) }

-- RHS size: {terms: 8, types: 9, coercions: 0, joins: 0/0}
m :: Int -> Int -> Int
[GblId,
 Arity=2,
 Str=<L,U(U)><L,U(U)>,
 Unf=Unf{Src=InlineStable, TopLvl=True, Value=True, ConLike=True, WorkFree=True, Expandable=True,
         Guidance=ALWAYS_IF(arity=2,unsat_ok=True,boring_ok=False)
         Tmpl= \ (x_awo [Occ=Once] :: Int) (y_awp [Occ=Once] :: Int) ->
                 case pm x_awo y_awp of { (_ [Occ=Dead], mr_awr [Occ=Once]) -> mr_awr }}]
m = \ (x_awo :: Int) (y_awp :: Int) -> case T10694.$wpm x_awo y_awp of { (# ww1_s1v7, ww2_s1v8 #) -> ww2_s1v8 }

-- RHS size: {terms: 1, types: 0, coercions: 0, joins: 0/0}
T10694.$trModule4 :: GHC.Prim.Addr#
[GblId, Unf=Unf{Src=<vanilla>, TopLvl=True, Value=True, ConLike=True, WorkFree=True, Expandable=True, Guidance=IF_ARGS [] 20 0}]
T10694.$trModule4 = "main"#

-- RHS size: {terms: 2, types: 0, coercions: 0, joins: 0/0}
T10694.$trModule3 :: GHC.Types.TrName
[GblId, Unf=Unf{Src=<vanilla>, TopLvl=True, Value=True, ConLike=True, WorkFree=True, Expandable=True, Guidance=IF_ARGS [] 10 20}]
T10694.$trModule3 = GHC.Types.TrNameS T10694.$trModule4

-- RHS size: {terms: 1, types: 0, coercions: 0, joins: 0/0}
T10694.$trModule2 :: GHC.Prim.Addr#
[GblId, Unf=Unf{Src=<vanilla>, TopLvl=True, Value=True, ConLike=True, WorkFree=True, Expandable=True, Guidance=IF_ARGS [] 30 0}]
T10694.$trModule2 = "T10694"#

-- RHS size: {terms: 2, types: 0, coercions: 0, joins: 0/0}
T10694.$trModule1 :: GHC.Types.TrName
[GblId, Unf=Unf{Src=<vanilla>, TopLvl=True, Value=True, ConLike=True, WorkFree=True, Expandable=True, Guidance=IF_ARGS [] 10 20}]
T10694.$trModule1 = GHC.Types.TrNameS T10694.$trModule2

-- RHS size: {terms: 3, types: 0, coercions: 0, joins: 0/0}
T10694.$trModule :: GHC.Types.Module
[GblId, Unf=Unf{Src=<vanilla>, TopLvl=True, Value=True, ConLike=True, WorkFree=True, Expandable=True, Guidance=IF_ARGS [] 10 30}]
T10694.$trModule = GHC.Types.Module T10694.$trModule3 T10694.$trModule1



