
T16356_Compile2.hs:10:11: warning: [-Wunused-type-patterns]
    Defined but not used on the right hand side: type variable ‘j’

T16356_Compile2.hs:10:11: warning: [-Wunused-type-patterns]
    Defined but not used on the right hand side: type variable ‘a’

T16356_Compile2.hs:13:15: warning: [-Wunused-type-patterns]
    Defined but not used on the right hand side: type variable ‘j’

T16356_Compile2.hs:13:18: warning: [-Wunused-type-patterns]
    Defined but not used on the right hand side: type variable ‘a’

T16356_Compile2.hs:16:15: warning: [-Wunused-type-patterns]
    Defined but not used on the right hand side: type variable ‘j’

T16356_Compile2.hs:16:18: warning: [-Wunused-type-patterns]
    Defined but not used on the right hand side: type variable ‘a’
