
T16632.hs:5:17: warning: [-Wunused-type-patterns]
    Defined but not used on the right hand side: type variable ‘b’
  |
5 | type instance F Char b Int = ()
  |                 ^^^^^^^^^^
