
UnusedTyVarWarnings.hs:8:5: warning: [-Wunused-type-patterns]
    Defined but not used on the right hand side: type variable ‘b’

UnusedTyVarWarnings.hs:11:18: warning: [-Wunused-type-patterns]
    Defined but not used on the right hand side: type variable ‘b’

UnusedTyVarWarnings.hs:27:5: warning: [-Wunused-type-patterns]
    Defined but not used on the right hand side: type variable ‘a’

UnusedTyVarWarnings.hs:33:17: warning: [-Wunused-type-patterns]
    Defined but not used on the right hand side: type variable ‘b’
