
==================== Tidy Core ====================
Result size of Tidy Core
  = {terms: 40, types: 17, coercions: 0, joins: 0/0}

-- RHS size: {terms: 2, types: 0, coercions: 0, joins: 0/0}
ten :: Natural
[GblId,
 Unf=Unf{Src=<vanilla>, TopLvl=True, Value=True, ConLike=True,
         WorkFree=True, Expandable=True, Guidance=IF_ARGS [] 10 20}]
ten = GHC.Num.Natural.NS 10##

-- RHS size: {terms: 1, types: 0, coercions: 0, joins: 0/0}
M.$trModule4 :: GHC.Prim.Addr#
[GblId,
 Unf=Unf{Src=<vanilla>, TopLvl=True, Value=True, ConLike=True,
         WorkFree=True, Expandable=True, Guidance=IF_ARGS [] 20 0}]
M.$trModule4 = "main"#

-- RHS size: {terms: 2, types: 0, coercions: 0, joins: 0/0}
M.$trModule3 :: GHC.Types.TrName
[GblId,
 Unf=Unf{Src=<vanilla>, TopLvl=True, Value=True, ConLike=True,
         WorkFree=True, Expandable=True, Guidance=IF_ARGS [] 10 20}]
M.$trModule3 = GHC.Types.TrNameS M.$trModule4

-- RHS size: {terms: 1, types: 0, coercions: 0, joins: 0/0}
M.$trModule2 :: GHC.Prim.Addr#
[GblId,
 Unf=Unf{Src=<vanilla>, TopLvl=True, Value=True, ConLike=True,
         WorkFree=True, Expandable=True, Guidance=IF_ARGS [] 20 0}]
M.$trModule2 = "M"#

-- RHS size: {terms: 2, types: 0, coercions: 0, joins: 0/0}
M.$trModule1 :: GHC.Types.TrName
[GblId,
 Unf=Unf{Src=<vanilla>, TopLvl=True, Value=True, ConLike=True,
         WorkFree=True, Expandable=True, Guidance=IF_ARGS [] 10 20}]
M.$trModule1 = GHC.Types.TrNameS M.$trModule2

-- RHS size: {terms: 3, types: 0, coercions: 0, joins: 0/0}
M.$trModule :: GHC.Types.Module
[GblId,
 Unf=Unf{Src=<vanilla>, TopLvl=True, Value=True, ConLike=True,
         WorkFree=True, Expandable=True, Guidance=IF_ARGS [] 10 30}]
M.$trModule = GHC.Types.Module M.$trModule3 M.$trModule1

-- RHS size: {terms: 1, types: 0, coercions: 0, joins: 0/0}
M.minusOne1 :: Natural
[GblId,
 Unf=Unf{Src=<vanilla>, TopLvl=True, Value=True, ConLike=True,
         WorkFree=True, Expandable=True, Guidance=IF_ARGS [] 100 0}]
M.minusOne1 = 1

-- RHS size: {terms: 11, types: 4, coercions: 0, joins: 0/0}
minusOne :: Natural
[GblId,
 Unf=Unf{Src=<vanilla>, TopLvl=True, Value=False, ConLike=False,
         WorkFree=True, Expandable=False, Guidance=IF_ARGS [] 40 0}]
minusOne
  = case M.minusOne1 of wild {
      NS ds1 ->
        case ds1 of {
          __DEFAULT -> GHC.Num.$fNumNatural1;
          0## -> wild
        };
      NB ipv -> GHC.Num.$fNumNatural1
    }

-- RHS size: {terms: 1, types: 0, coercions: 0, joins: 0/0}
twoTimesTwo :: Natural
[GblId,
 Unf=Unf{Src=<vanilla>, TopLvl=True, Value=True, ConLike=True,
         WorkFree=True, Expandable=True, Guidance=IF_ARGS [] 100 0}]
twoTimesTwo = 4

-- RHS size: {terms: 4, types: 1, coercions: 0, joins: 0/0}
plusOne :: Natural -> Natural
[GblId,
 Arity=1,
 Str=<S,1*U>,
 Unf=Unf{Src=InlineStable, TopLvl=True, Value=True, ConLike=True,
         WorkFree=True, Expandable=True,
         Guidance=ALWAYS_IF(arity=1,unsat_ok=True,boring_ok=False)
         Tmpl= \ (n [Occ=Once] :: Natural) -> naturalAdd n M.minusOne1}]
plusOne = \ (n :: Natural) -> naturalAdd n M.minusOne1

-- RHS size: {terms: 1, types: 0, coercions: 0, joins: 0/0}
one :: Natural
[GblId,
 Unf=Unf{Src=<vanilla>, TopLvl=True, Value=True, ConLike=True,
         WorkFree=True, Expandable=True,
         Guidance=ALWAYS_IF(arity=0,unsat_ok=True,boring_ok=True)}]
one = M.minusOne1



