parsePlugin()
interfacePlugin: Prelude
interfacePlugin: Language.Haskell.TH
interfacePlugin: Language.Haskell.TH.Quote
interfacePlugin: GHC.Float
interfacePlugin: GHC.Base
interfacePlugin: Language.Haskell.TH.Syntax
typeCheckPlugin (rn)
interfacePlugin: GHC.Types
typeCheckPlugin (tc)
interfacePlugin: GHC.Num.BigNat
parsePlugin(a)
typeCheckPlugin (rn)
interfacePlugin: Language.Haskell.TH.Lib.Internal
metaPlugin: (return [])
metaPlugin: quoteExp stringify "x"
interfacePlugin: GHC.CString
typeCheckPlugin (rn)
typeCheckPlugin (rn)
typeCheckPlugin (tc)
