parsePlugin()
interfacePlugin: Prelude
interfacePlugin: GHC.Float
interfacePlugin: GHC.Base
typeCheckPlugin (rn)
interfacePlugin: GHC.Types
typeCheckPlugin (tc)
interfacePlugin: GHC.Num.BigNat
